comment style test / should not generate styles / styles / 0: |-


  <style>
  :global(*, ::before, ::after) {
    -webkit-box-sizing: border-box;
    box-sizing: border-box;
    border-width: 0;
    border-style: solid;
    border-color: #e5e7eb;
  }
  :global(*) {
    --tw-ring-inset: var(--tw-empty,/*!*/ /*!*/);
    --tw-ring-offset-width: 0px;
    --tw-ring-offset-color: #fff;
    --tw-ring-color: rgba(59, 130, 246, 0.5);
    --tw-ring-offset-shadow: 0 0 #0000;
    --tw-ring-shadow: 0 0 #0000;
    --tw-shadow: 0 0 #0000;
  }
  :global(:root) {
    -moz-tab-size: 4;
    -o-tab-size: 4;
    tab-size: 4;
  }
  :global(:-moz-focusring) {
    outline: 1px dotted ButtonText;
  }
  :global(:-moz-ui-invalid) {
    box-shadow: none;
  }
  :global(::moz-focus-inner) {
    border-style: none;
    padding: 0;
  }
  :global(::-webkit-inner-spin-button, ::-webkit-outer-spin-button) {
    height: auto;
  }
  :global(::-webkit-search-decoration) {
    -webkit-appearance: none;
  }
  :global(::-webkit-file-upload-button) {
    -webkit-appearance: button;
    font: inherit;
  }
  :global([type='search']) {
    -webkit-appearance: textfield;
    outline-offset: -2px;
  }
  :global(abbr[title]) {
    -webkit-text-decoration: underline dotted;
    text-decoration: underline dotted;
  }
  :global(a) {
    color: inherit;
    text-decoration: inherit;
  }
  :global(body) {
    margin: 0;
    font-family: inherit;
    line-height: inherit;
  }
  :global(b, strong) {
    font-weight: bolder;
  }
  :global(button, input, optgroup, select, textarea) {
    font-family: inherit;
    font-size: 100%;
    line-height: 1.15;
    margin: 0;
    padding: 0;
    line-height: inherit;
    color: inherit;
  }
  :global(button, select) {
    text-transform: none;
  }
  :global(button, [type='button'], [type='reset'], [type='submit']) {
    -webkit-appearance: button;
  }
  :global(blockquote, dl, dd, h1, h2, h3, h4, h5, h6, hr, figure, p, pre) {
    margin: 0;
  }
  :global(button) {
    background-color: transparent;
    background-image: none;
  }
  :global(button:focus) {
    outline: 1px dotted;
    outline: 5px auto -webkit-focus-ring-color;
  }
  :global(button, [role="button"]) {
    cursor: pointer;
  }
  :global(code, kbd, samp, pre) {
    font-size: 1em;
  }
  :global(fieldset) {
    margin: 0;
    padding: 0;
  }
  :global(html) {
    -webkit-text-size-adjust: 100%;
    font-family: ui-sans-serif,system-ui,-apple-system,BlinkMacSystemFont,"Segoe UI",Roboto,"Helvetica Neue",Arial,"Noto Sans",sans-serif,"Apple Color Emoji","Segoe UI Emoji","Segoe UI Symbol","Noto Color Emoji";
    line-height: 1.5;
  }
  :global(hr) {
    height: 0;
    color: inherit;
    border-top-width: 1px;
  }
  :global(h1, h2, h3, h4, h5, h6) {
    font-size: inherit;
    font-weight: inherit;
  }
  :global(img) {
    border-style: solid;
  }
  :global(input::placeholder) {
    opacity: 1;
    color: #9ca3af;
  }
  :global(input::webkit-input-placeholder) {
    opacity: 1;
    color: #9ca3af;
  }
  :global(input::-moz-placeholder) {
    opacity: 1;
    color: #9ca3af;
  }
  :global(input:-ms-input-placeholder) {
    opacity: 1;
    color: #9ca3af;
  }
  :global(input::-ms-input-placeholder) {
    opacity: 1;
    color: #9ca3af;
  }
  :global(img, svg, video, canvas, audio, iframe, embed, object) {
    display: block;
    vertical-align: middle;
  }
  :global(img, video) {
    max-width: 100%;
    height: auto;
  }
  :global(legend) {
    padding: 0;
  }
  :global(ol, ul) {
    list-style: none;
    margin: 0;
    padding: 0;
  }
  :global(progress) {
    vertical-align: baseline;
  }
  :global(pre, code, kbd, samp) {
    font-family: ui-monospace,SFMono-Regular,Menlo,Monaco,Consolas,"Liberation Mono","Courier New",monospace;
  }
  :global(small) {
    font-size: 80%;
  }
  :global(sub, sup) {
    font-size: 75%;
    line-height: 0;
    position: relative;
    vertical-align: baseline;
  }
  :global(sub) {
    bottom: -0.25em;
  }
  :global(sup) {
    top: -0.5em;
  }
  :global(summary) {
    display: list-item;
  }
  :global(table) {
    text-indent: 0;
    border-color: inherit;
    border-collapse: collapse;
  }
  :global(textarea) {
    resize: vertical;
  }
  :global(textarea::placeholder) {
    opacity: 1;
    color: #9ca3af;
  }
  :global(textarea::webkit-input-placeholder) {
    opacity: 1;
    color: #9ca3af;
  }
  :global(textarea::-moz-placeholder) {
    opacity: 1;
    color: #9ca3af;
  }
  :global(textarea:-ms-input-placeholder) {
    opacity: 1;
    color: #9ca3af;
  }
  :global(textarea::-ms-input-placeholder) {
    opacity: 1;
    color: #9ca3af;
  }
  </style>
